// Jest Snapshot v1, https://goo.gl/fbAQLP

exports[`<ButtonBarContainer /> renders and matches the snapshot 1`] = `
<Provider
  store={
    Object {
      "clearActions": [Function],
      "dispatch": [Function],
      "getActions": [Function],
      "getState": [Function],
      "replaceReducer": [Function],
      "subscribe": [Function],
    }
  }
>
  <Connect(ButtonBarComponent)
    openAddFeedModal={[Function]}
    openEditFolderModal={[Function]}
  >
    <ButtonBarComponent
      feedsRefreshAll={[Function]}
      openAddFeedModal={[Function]}
      openEditFolderModal={[Function]}
    >
      <div
        className="rss-leftmenu-buttonbar-container"
      >
        <ButtonGroup
          size="mini"
        >
          <div
            className="ui mini buttons"
          >
            <Popup
              content="Add RSS Feed"
              keepInViewPort={true}
              on="hover"
              position="top left"
              trigger={
                <Button
                  as="button"
                  className="rss-leftmenu-button-addrss"
                  onClick={[Function]}
                  role="button"
                >
                  <Icon
                    as="i"
                    name="plus"
                  />
                  <Icon
                    as="i"
                    name="rss"
                  />
                </Button>
              }
            >
              <Portal
                closeOnDocumentClick={true}
                closeOnEscape={true}
                closeOnTriggerMouseLeave={true}
                eventPool="default"
                mouseEnterDelay={50}
                mouseLeaveDelay={70}
                onClose={[Function]}
                onMount={[Function]}
                onOpen={[Function]}
                onUnmount={[Function]}
                openOnTriggerClick={true}
                openOnTriggerMouseEnter={true}
                trigger={
                  <Button
                    as="button"
                    className="rss-leftmenu-button-addrss"
                    onClick={[Function]}
                    role="button"
                  >
                    <Icon
                      as="i"
                      name="plus"
                    />
                    <Icon
                      as="i"
                      name="rss"
                    />
                  </Button>
                }
                triggerRef={[Function]}
              >
                <Ref
                  innerRef={[Function]}
                  key="trigger"
                >
                  <Button
                    as="button"
                    className="rss-leftmenu-button-addrss"
                    onBlur={[Function]}
                    onClick={[Function]}
                    onFocus={[Function]}
                    onMouseEnter={[Function]}
                    onMouseLeave={[Function]}
                    role="button"
                  >
                    <button
                      className="ui button rss-leftmenu-button-addrss"
                      onBlur={[Function]}
                      onClick={[Function]}
                      onFocus={[Function]}
                      onMouseEnter={[Function]}
                      onMouseLeave={[Function]}
                      role="button"
                    >
                      <Icon
                        as="i"
                        name="plus"
                      >
                        <i
                          aria-hidden="true"
                          className="plus icon"
                        />
                      </Icon>
                      <Icon
                        as="i"
                        name="rss"
                      >
                        <i
                          aria-hidden="true"
                          className="rss icon"
                        />
                      </Icon>
                    </button>
                  </Button>
                </Ref>
              </Portal>
            </Popup>
            <Popup
              content="Add Folder"
              keepInViewPort={true}
              on="hover"
              position="top left"
              trigger={
                <Button
                  as="button"
                  className="rss-leftmenu-button-addfolder"
                  onClick={[Function]}
                  role="button"
                >
                  <Icon
                    as="i"
                    name="plus"
                  />
                  <Icon
                    as="i"
                    name="folder"
                  />
                </Button>
              }
            >
              <Portal
                closeOnDocumentClick={true}
                closeOnEscape={true}
                closeOnTriggerMouseLeave={true}
                eventPool="default"
                mouseEnterDelay={50}
                mouseLeaveDelay={70}
                onClose={[Function]}
                onMount={[Function]}
                onOpen={[Function]}
                onUnmount={[Function]}
                openOnTriggerClick={true}
                openOnTriggerMouseEnter={true}
                trigger={
                  <Button
                    as="button"
                    className="rss-leftmenu-button-addfolder"
                    onClick={[Function]}
                    role="button"
                  >
                    <Icon
                      as="i"
                      name="plus"
                    />
                    <Icon
                      as="i"
                      name="folder"
                    />
                  </Button>
                }
                triggerRef={[Function]}
              >
                <Ref
                  innerRef={[Function]}
                  key="trigger"
                >
                  <Button
                    as="button"
                    className="rss-leftmenu-button-addfolder"
                    onBlur={[Function]}
                    onClick={[Function]}
                    onFocus={[Function]}
                    onMouseEnter={[Function]}
                    onMouseLeave={[Function]}
                    role="button"
                  >
                    <button
                      className="ui button rss-leftmenu-button-addfolder"
                      onBlur={[Function]}
                      onClick={[Function]}
                      onFocus={[Function]}
                      onMouseEnter={[Function]}
                      onMouseLeave={[Function]}
                      role="button"
                    >
                      <Icon
                        as="i"
                        name="plus"
                      >
                        <i
                          aria-hidden="true"
                          className="plus icon"
                        />
                      </Icon>
                      <Icon
                        as="i"
                        name="folder"
                      >
                        <i
                          aria-hidden="true"
                          className="folder icon"
                        />
                      </Icon>
                    </button>
                  </Button>
                </Ref>
              </Portal>
            </Popup>
          </div>
        </ButtonGroup>
        <Connect(ReorderFoldersModalComponent)>
          <ReorderFoldersModalComponent
            folders={Immutable.OrderedMap {}}
            foldersReorder={[Function]}
          >
            <span>
              <Popup
                content="Reorder Folders"
                keepInViewPort={true}
                on="hover"
                position="top left"
                trigger={
                  <Button
                    as="button"
                    className="rss-leftmenu-button-reorder"
                    icon="numbered list"
                    onClick={[Function]}
                    role="button"
                    size="mini"
                  />
                }
              >
                <Portal
                  closeOnDocumentClick={true}
                  closeOnEscape={true}
                  closeOnTriggerMouseLeave={true}
                  eventPool="default"
                  mouseEnterDelay={50}
                  mouseLeaveDelay={70}
                  onClose={[Function]}
                  onMount={[Function]}
                  onOpen={[Function]}
                  onUnmount={[Function]}
                  openOnTriggerClick={true}
                  openOnTriggerMouseEnter={true}
                  trigger={
                    <Button
                      as="button"
                      className="rss-leftmenu-button-reorder"
                      icon="numbered list"
                      onClick={[Function]}
                      role="button"
                      size="mini"
                    />
                  }
                  triggerRef={[Function]}
                >
                  <Ref
                    innerRef={[Function]}
                    key="trigger"
                  >
                    <Button
                      as="button"
                      className="rss-leftmenu-button-reorder"
                      icon="numbered list"
                      onBlur={[Function]}
                      onClick={[Function]}
                      onFocus={[Function]}
                      onMouseEnter={[Function]}
                      onMouseLeave={[Function]}
                      role="button"
                      size="mini"
                    >
                      <button
                        className="ui mini icon button rss-leftmenu-button-reorder"
                        onBlur={[Function]}
                        onClick={[Function]}
                        onFocus={[Function]}
                        onMouseEnter={[Function]}
                        onMouseLeave={[Function]}
                        role="button"
                      >
                        <Icon
                          as="i"
                          name="numbered list"
                        >
                          <i
                            aria-hidden="true"
                            className="numbered list icon"
                          />
                        </Icon>
                      </button>
                    </Button>
                  </Ref>
                </Portal>
              </Popup>
              <Modal
                centered={true}
                className="rss-modal"
                closeOnDimmerClick={true}
                closeOnDocumentClick={false}
                dimmer={true}
                eventPool="Modal"
                onClose={[Function]}
                open={false}
                size="tiny"
              >
                <Portal
                  closeOnDocumentClick={false}
                  closeOnEscape={true}
                  eventPool="Modal"
                  mountNode={<body />}
                  onClose={[Function]}
                  onMount={[Function]}
                  onOpen={[Function]}
                  onUnmount={[Function]}
                  open={false}
                  openOnTriggerClick={true}
                />
              </Modal>
            </span>
          </ReorderFoldersModalComponent>
        </Connect(ReorderFoldersModalComponent)>
        <Popup
          content="Reload All Feeds"
          keepInViewPort={true}
          on="hover"
          position="top left"
          trigger={
            <Button
              as="button"
              className="rss-leftmenu-button-reload"
              icon="refresh"
              onClick={[Function]}
              role="button"
              size="mini"
            />
          }
        >
          <Portal
            closeOnDocumentClick={true}
            closeOnEscape={true}
            closeOnTriggerMouseLeave={true}
            eventPool="default"
            mouseEnterDelay={50}
            mouseLeaveDelay={70}
            onClose={[Function]}
            onMount={[Function]}
            onOpen={[Function]}
            onUnmount={[Function]}
            openOnTriggerClick={true}
            openOnTriggerMouseEnter={true}
            trigger={
              <Button
                as="button"
                className="rss-leftmenu-button-reload"
                icon="refresh"
                onClick={[Function]}
                role="button"
                size="mini"
              />
            }
            triggerRef={[Function]}
          >
            <Ref
              innerRef={[Function]}
              key="trigger"
            >
              <Button
                as="button"
                className="rss-leftmenu-button-reload"
                icon="refresh"
                onBlur={[Function]}
                onClick={[Function]}
                onFocus={[Function]}
                onMouseEnter={[Function]}
                onMouseLeave={[Function]}
                role="button"
                size="mini"
              >
                <button
                  className="ui mini icon button rss-leftmenu-button-reload"
                  onBlur={[Function]}
                  onClick={[Function]}
                  onFocus={[Function]}
                  onMouseEnter={[Function]}
                  onMouseLeave={[Function]}
                  role="button"
                >
                  <Icon
                    as="i"
                    name="refresh"
                  >
                    <i
                      aria-hidden="true"
                      className="refresh icon"
                    />
                  </Icon>
                </button>
              </Button>
            </Ref>
          </Portal>
        </Popup>
        <Connect(LogoutButtonComponent)>
          <LogoutButtonComponent
            authLogoutUser={[Function]}
          >
            <Popup
              content="Logout"
              keepInViewPort={true}
              on="hover"
              position="top left"
              trigger={
                <Button
                  as="button"
                  className="rss-leftmenu-button-logout"
                  floated="right"
                  icon="sign out"
                  onClick={[Function]}
                  role="button"
                  size="mini"
                />
              }
            >
              <Portal
                closeOnDocumentClick={true}
                closeOnEscape={true}
                closeOnTriggerMouseLeave={true}
                eventPool="default"
                mouseEnterDelay={50}
                mouseLeaveDelay={70}
                onClose={[Function]}
                onMount={[Function]}
                onOpen={[Function]}
                onUnmount={[Function]}
                openOnTriggerClick={true}
                openOnTriggerMouseEnter={true}
                trigger={
                  <Button
                    as="button"
                    className="rss-leftmenu-button-logout"
                    floated="right"
                    icon="sign out"
                    onClick={[Function]}
                    role="button"
                    size="mini"
                  />
                }
                triggerRef={[Function]}
              >
                <Ref
                  innerRef={[Function]}
                  key="trigger"
                >
                  <Button
                    as="button"
                    className="rss-leftmenu-button-logout"
                    floated="right"
                    icon="sign out"
                    onBlur={[Function]}
                    onClick={[Function]}
                    onFocus={[Function]}
                    onMouseEnter={[Function]}
                    onMouseLeave={[Function]}
                    role="button"
                    size="mini"
                  >
                    <button
                      className="ui mini icon right floated button rss-leftmenu-button-logout"
                      onBlur={[Function]}
                      onClick={[Function]}
                      onFocus={[Function]}
                      onMouseEnter={[Function]}
                      onMouseLeave={[Function]}
                      role="button"
                    >
                      <Icon
                        as="i"
                        name="sign out"
                      >
                        <i
                          aria-hidden="true"
                          className="sign out icon"
                        />
                      </Icon>
                    </button>
                  </Button>
                </Ref>
              </Portal>
            </Popup>
          </LogoutButtonComponent>
        </Connect(LogoutButtonComponent)>
      </div>
    </ButtonBarComponent>
  </Connect(ButtonBarComponent)>
</Provider>
`;
