// Jest Snapshot v1, https://goo.gl/fbAQLP

exports[`<EditFeedModalComponent /> renders and matches the snapshot 1`] = `
<span>
  <Modal
    centered={true}
    className="rss-modal"
    closeOnDimmerClick={true}
    closeOnDocumentClick={false}
    dimmer={true}
    eventPool="Modal"
    onClose={[Function]}
    open={true}
    size="tiny"
  >
    <Header
      content="Edit Feed"
      icon="pencil"
    />
    <ModalContent>
      <div>
        <label>
          Feed Name
        </label>
        <input
          autoFocus={true}
          className="rss-editfeed-input"
          onChange={[Function]}
          onKeyPress={[Function]}
          placeholder="Feed name..."
          value="High Scalability"
        />
        <br />
        <br />
        <label>
          Folder
        </label>
        <br />
        <SelectFolder
          folders={
            Immutable.OrderedMap {
              "5b33c4bab2438d5708dc1967": Object {
                "__v": 0,
                "_id": "5b33c4bab2438d5708dc1967",
                "name": "Random",
                "order": 0,
              },
              "5b33c57eb2438d5708dc1968": Object {
                "__v": 0,
                "_id": "5b33c57eb2438d5708dc1968",
                "name": "Programming",
                "order": 1,
              },
            }
          }
          onChange={[Function]}
          selectedValue="5b33c57eb2438d5708dc1968"
        />
      </div>
    </ModalContent>
    <ModalActions>
      <div>
        <Button
          as="button"
          color="orange"
          content="Cancel"
          floated="left"
          icon="cancel"
          inverted={true}
          onClick={[Function]}
          role="button"
        />
        <Button
          as="button"
          color="green"
          content="Save"
          icon="save"
          inverted={true}
          onClick={[Function]}
          role="button"
        />
      </div>
    </ModalActions>
  </Modal>
</span>
`;
