// Jest Snapshot v1, https://goo.gl/fbAQLP

exports[`<SelectFolder /> renders and matches the snapshot 1`] = `
<Dropdown
  additionLabel="Add "
  additionPosition="top"
  closeOnBlur={true}
  deburr={false}
  icon="dropdown"
  minCharacters={1}
  noResultsMessage="No results found."
  onChange={[Function]}
  openOnFocus={true}
  options={
    Array [
      Object {
        "key": "5b33c57eb2438d5708dc1968",
        "text": "Programming",
        "value": "5b33c57eb2438d5708dc1968",
      },
      Object {
        "key": "5b33c4bab2438d5708dc1967",
        "text": "Random",
        "value": "5b33c4bab2438d5708dc1967",
      },
    ]
  }
  renderLabel={[Function]}
  searchInput="text"
  selectOnBlur={true}
  selectOnNavigation={true}
  selection={true}
  value="5b33c4bab2438d5708dc1967"
  wrapSelection={true}
/>
`;
