// Jest Snapshot v1, https://goo.gl/fbAQLP

exports[`<ListFeeds /> renders and matches the snapshot 1`] = `
<div>
  <Connect(FeedItemComponent)
    editFeed={[MockFunction]}
    feed={
      Object {
        "__v": 0,
        "_id": "5a54fa9938e78863ac6a8987",
        "creation_date": "2018-01-09T17:23:37.030Z",
        "description": "New York Times blog",
        "folder_id": "5a54f74838e78863ac6a8961",
        "link": "https://dotearth.blogs.nytimes.com",
        "title": "Dot Earth",
        "url": "http://dotearth.blogs.nytimes.com/feed/",
      }
    }
    key="5a54fa9938e78863ac6a8987"
  />
  <Connect(FeedItemComponent)
    editFeed={[MockFunction]}
    feed={
      Object {
        "__v": 0,
        "_id": "5a550e0f38e78863ac6a8a20",
        "creation_date": "2018-01-09T18:46:39.515Z",
        "description": null,
        "folder_id": "5a54f74838e78863ac6a8961",
        "link": "https://www.newsfromme.com/",
        "title": "News From ME",
        "url": "http://www.newsfromme.com/feed/",
      }
    }
    key="5a550e0f38e78863ac6a8a20"
  />
  <Connect(FeedItemComponent)
    editFeed={[MockFunction]}
    feed={
      Object {
        "__v": 0,
        "_id": "5a54fcc338e78863ac6a89e1",
        "creation_date": "2018-01-09T17:32:51.245Z",
        "description": "Gameological In Stereo is the podcast of The Gameological Society, an online magazine about games and a partner site of The A.V. Club.",
        "folder_id": "5a54f74838e78863ac6a8961",
        "link": "http://gameological.com/",
        "title": "The Gameological Society",
        "url": "http://gameological.com/feed/",
      }
    }
    key="5a54fcc338e78863ac6a89e1"
  />
  <Connect(FeedItemComponent)
    editFeed={[MockFunction]}
    feed={
      Object {
        "__v": 0,
        "_id": "5a54f74e38e78863ac6a8962",
        "creation_date": "2018-01-09T17:09:34.850Z",
        "description": "My name is Tynan. I love life and I explore its limits by ignoring common sense and seeing what is really possible.",
        "folder_id": "5a54f74838e78863ac6a8961",
        "link": "http://tynan.com/",
        "title": "Tynan | Life Outside the Box",
        "url": "http://feeds.feedburner.com/tynan",
      }
    }
    key="5a54f74e38e78863ac6a8962"
  />
  <Connect(FeedItemComponent)
    editFeed={[MockFunction]}
    feed={
      Object {
        "__v": 0,
        "_id": "5a55423838e78863ac6a8a5d",
        "creation_date": "2018-01-09T22:29:12.705Z",
        "description": "Jason Kottke's weblog, home of fine hypertext products",
        "folder_id": "5a54f74838e78863ac6a8961",
        "link": "http://kottke.org/",
        "title": "kottke.org",
        "url": "http://feeds.kottke.org/main",
      }
    }
    key="5a55423838e78863ac6a8a5d"
  />
  <div
    className="clear"
  />
</div>
`;
