// Jest Snapshot v1, https://goo.gl/fbAQLP

exports[`<EntriesListComponent /> renders and matches the snapshot 1`] = `
<div
  className="rss-entrylist-container"
>
  <Entry
    entry={
      Object {
        "__v": 0,
        "_id": "5b33c76cb2438d5708dc1987",
        "content": "<p>Content for Open Source Database HA Resources from Severalnines</p>",
        "content_snippet": "<p>Content for Open Source Database HA Resources from Severalnines</p>",
        "creator": "Forrest Lymburner",
        "feedTitle": "High Scalability",
        "feed_id": "5b33c76cb2438d5708dc197e",
        "guid": "426227:4867632:36078004",
        "has_read": false,
        "link": "http://feedproxy.google.com/~r/HighScalability/~3/FFJQudxO2bU/open-source-database-ha-resources-from-severalnines.html",
        "publish_date": "2018-06-08T19:46:22.000Z",
        "timeAgo": "3 months ago",
        "title": "Open Source Database HA Resources from Severalnines",
      }
    }
    isActive={false}
    key="5b33c76cb2438d5708dc1987"
    shouldShowImages={true}
    toggleEntry={[Function]}
  />
  <Entry
    entry={
      Object {
        "__v": 0,
        "_id": "5b33c76cb2438d5708dc1985",
        "content": "<p>Content for June 15th, 2018</p>",
        "content_snippet": "<p>Content for June 15th, 2018</p>",
        "creator": "Todd Hoff",
        "feedTitle": "High Scalability",
        "feed_id": "5b33c76cb2438d5708dc197e",
        "guid": "426227:4867632:36079455",
        "has_read": false,
        "link": "http://feedproxy.google.com/~r/HighScalability/~3/sacuGsRa2G0/stuff-the-internet-says-on-scalability-for-june-15th-2018.html",
        "publish_date": "2018-06-15T15:57:00.000Z",
        "timeAgo": "3 months ago",
        "title": "Stuff The Internet Says On Scalability For June 15th, 2018",
      }
    }
    isActive={false}
    key="5b33c76cb2438d5708dc1985"
    shouldShowImages={true}
    toggleEntry={[Function]}
  />
  <Entry
    entry={
      Object {
        "__v": 0,
        "_id": "5b33c76cb2438d5708dc1983",
        "content": "<p>Content for How Ably Efficiently Implemented Consistent Hashing</p>",
        "content_snippet": "<p>Content for How Ably Efficiently Implemented Consistent Hashing</p>",
        "creator": "Todd Hoff",
        "feedTitle": "High Scalability",
        "feed_id": "5b33c76cb2438d5708dc197e",
        "guid": "426227:4867632:36081325",
        "has_read": false,
        "link": "http://feedproxy.google.com/~r/HighScalability/~3/EU6Dy48k59o/how-ably-efficiently-implemented-consistent-hashing.html",
        "publish_date": "2018-06-18T16:06:17.000Z",
        "timeAgo": "3 months ago",
        "title": "How Ably Efficiently Implemented Consistent Hashing",
      }
    }
    isActive={false}
    key="5b33c76cb2438d5708dc1983"
    shouldShowImages={true}
    toggleEntry={[Function]}
  />
  <Entry
    entry={
      Object {
        "__v": 0,
        "_id": "5b33c76cb2438d5708dc1981",
        "content": "<p>Content for Sponsored Post: Datadog, InMemory.Net, Triplebyte, Etleap, Scalyr, MemSQL</p>",
        "content_snippet": "<p>Content for Sponsored Post: Datadog, InMemory.Net, Triplebyte, Etleap, Scalyr, MemSQL</p>",
        "creator": "Todd Hoff",
        "feedTitle": "High Scalability",
        "feed_id": "5b33c76cb2438d5708dc197e",
        "guid": "426227:4867632:36081782",
        "has_read": false,
        "link": "http://feedproxy.google.com/~r/HighScalability/~3/gKe2fkOoT0I/sponsored-post-datadog-inmemorynet-triplebyte-etleap-scalyr.html",
        "publish_date": "2018-06-19T16:10:13.000Z",
        "timeAgo": "3 months ago",
        "title": "Sponsored Post: Datadog, InMemory.Net, Triplebyte, Etleap, Scalyr, MemSQL",
      }
    }
    isActive={false}
    key="5b33c76cb2438d5708dc1981"
    shouldShowImages={true}
    toggleEntry={[Function]}
  />
  <Entry
    entry={
      Object {
        "__v": 0,
        "_id": "5b33c76cb2438d5708dc197f",
        "content": "<p>Content for Stuff The Internet Says On Scalability For June 22nd, 2018</p>",
        "content_snippet": "<p>Content for Stuff The Internet Says On Scalability For June 22nd, 2018</p>",
        "creator": "Todd Hoff",
        "feedTitle": "High Scalability",
        "feed_id": "5b33c76cb2438d5708dc197e",
        "guid": "426227:4867632:36082622",
        "has_read": false,
        "link": "http://feedproxy.google.com/~r/HighScalability/~3/uqbrISxcA-E/stuff-the-internet-says-on-scalability-for-june-22nd-2018.html",
        "publish_date": "2018-06-22T15:56:46.000Z",
        "timeAgo": "3 months ago",
        "title": "Stuff The Internet Says On Scalability For June 22nd, 2018",
      }
    }
    isActive={false}
    key="5b33c76cb2438d5708dc197f"
    shouldShowImages={true}
    toggleEntry={[Function]}
  />
</div>
`;
