// Jest Snapshot v1, https://goo.gl/fbAQLP

exports[`<EntriesListComponent /> renders and matches the snapshot 1`] = `
<div
  className="rss-entrylist-container"
>
  <Entry
    entry={
      Object {
        "__v": 0,
        "_id": "5b28050db2438d5708dc188f",
        "content": "<p><img class=\\"alignnone size-full wp-image-3763\\" src=\\"https://www.reviewgeek.com/p/uploads/2018/05/d98f911b.png\\" alt=\\"\\" width=\\"2000\\" height=\\"1125\\" /></p> <p>Bluetooth PC mice aren’t hard to find, but the sheer variety of options can be intimidating.<p><h3><a href='https://www.reviewgeek.com/3762/the-best-bluetooth-mouse-for-every-user/'>Click Here to Continue Reading</a></h3></p>",
        "content_snippet": "<p><img class=\\"alignnone size-full wp-image-3763\\" src=\\"https://www.reviewgeek.com/p/uploads/2018/05/d98f911b.png\\" alt=\\"\\" width=\\"2000\\" height=\\"1125\\" /></p> <p>Bluetooth PC mice aren’t hard to find, but the sheer variety of options can be intimidating.<p><h3><a href='https://www.reviewgeek.com/3762/the-best-bluetooth-mouse-for-every-user/'>Click Here to Continue Reading</a></h3></p>",
        "creator": "Michael Crider",
        "feedTitle": "How-To Geek",
        "feed_id": "5a54fb1338e78863ac6a89b1",
        "guid": "https://www.reviewgeek.com/3762/the-best-bluetooth-mouse-for-every-user/",
        "has_read": false,
        "link": "https://www.reviewgeek.com/3762/the-best-bluetooth-mouse-for-every-user/",
        "publish_date": "2018-06-18T16:00:59.000Z",
        "timeAgo": "3 hours ago",
        "title": "The Best Bluetooth Mouse For Every User",
      }
    }
    isActive={false}
    key="5b28050db2438d5708dc188f"
    shouldShowImages={true}
    toggleEntry={[Function]}
  />
  <Entry
    entry={
      Object {
        "__v": 0,
        "_id": "5b28050db2438d5708dc1890",
        "content": "Think you know the answer? Click through to see if you're right!",
        "content_snippet": "Think you know the answer? Click through to see if you're right!",
        "creator": "Jason Fitzpatrick",
        "feedTitle": "How-To Geek",
        "feed_id": "5a54fb1338e78863ac6a89b1",
        "guid": "https://www.howtogeek.com/?post_type=trivia&p=356334",
        "has_read": false,
        "link": "https://www.howtogeek.com/trivia/the-most-venomous-fish-in-the-world-is-the/",
        "publish_date": "2018-06-18T17:37:55.000Z",
        "timeAgo": "2 hours ago",
        "title": "Geek Trivia: The Most Venomous Fish In The World Is The?",
      }
    }
    isActive={false}
    key="5b28050db2438d5708dc1890"
    shouldShowImages={true}
    toggleEntry={[Function]}
  />
  <Entry
    entry={
      Object {
        "__v": 0,
        "_id": "5b28050db2438d5708dc188e",
        "content": "<p><img class=\\"alignnone size-full wp-image-4681\\" src=\\"https://www.reviewgeek.com/p/uploads/2018/06/45d3b776.jpg\\" alt=\\"\\" width=\\"2000\\" height=\\"1125\\" /></p> <p>A French press is a great way to enjoy really delicious coffee without a lot of effort.<p><h3><a href='https://www.reviewgeek.com/4621/the-best-french-press-coffee-makers-for-every-budget/'>Click Here to Continue Reading</a></h3></p>",
        "content_snippet": "<p><img class=\\"alignnone size-full wp-image-4681\\" src=\\"https://www.reviewgeek.com/p/uploads/2018/06/45d3b776.jpg\\" alt=\\"\\" width=\\"2000\\" height=\\"1125\\" /></p> <p>A French press is a great way to enjoy really delicious coffee without a lot of effort.<p><h3><a href='https://www.reviewgeek.com/4621/the-best-french-press-coffee-makers-for-every-budget/'>Click Here to Continue Reading</a></h3></p>",
        "creator": "Jennifer Allen",
        "feedTitle": "How-To Geek",
        "feed_id": "5a54fb1338e78863ac6a89b1",
        "guid": "https://www.reviewgeek.com/4621/the-best-french-press-coffee-makers-for-every-budget/",
        "has_read": false,
        "link": "https://www.reviewgeek.com/4621/the-best-french-press-coffee-makers-for-every-budget/",
        "publish_date": "2018-06-18T18:00:38.000Z",
        "timeAgo": "an hour ago",
        "title": "The Best French Press Coffee Makers For Every Budget",
      }
    }
    isActive={false}
    key="5b28050db2438d5708dc188e"
    shouldShowImages={true}
    toggleEntry={[Function]}
  />
  <Entry
    entry={
      Object {
        "__v": 0,
        "_id": "5b28050db2438d5708dc1891",
        "content": "If you don&#8217;t use a password manager, those complex passwords can be pretty hard to remember. If you&#8217;ve forgotten your Facebook password, you can&#8217;t really recover that same password, but it&#8217;s easy enough to recover your account by resetting your password to something new.",
        "content_snippet": "If you don&#8217;t use a password manager, those complex passwords can be pretty hard to remember. If you&#8217;ve forgotten your Facebook password, you can&#8217;t really recover that same password, but it&#8217;s easy enough to recover your account by resetting your password to something new.",
        "creator": "Brady Gavin",
        "feedTitle": "How-To Geek",
        "feed_id": "5a54fb1338e78863ac6a89b1",
        "guid": "https://www.howtogeek.com/?p=355419",
        "has_read": false,
        "link": "https://www.howtogeek.com/355419/how-to-recover-your-forgotten-facebook-password/",
        "publish_date": "2018-06-18T19:00:00.000Z",
        "timeAgo": "24 minutes ago",
        "title": "How To Recover Your Forgotten Facebook Password",
      }
    }
    isActive={false}
    key="5b28050db2438d5708dc1891"
    shouldShowImages={true}
    toggleEntry={[Function]}
  />
</div>
`;
