// Jest Snapshot v1, https://goo.gl/fbAQLP

exports[`<RightPaneComponent /> renders and matches the snapshot 1`] = `
<div>
  <TopBarComponent
    onChangeSort={[Function]}
    sortBy="publish_date:asc"
    title="TEST_FILTER_TITLE"
  />
  <Connect(EntriesListComponent)
    sortBy="publish_date:asc"
  />
</div>
`;
