// Jest Snapshot v1, https://goo.gl/fbAQLP

exports[`<SortMenu /> matches snapshot 1`] = `
<SortMenu
  currentSortBy="publish_date:asc"
  onChange={[MockFunction]}
>
  <span>
    Sorting by 
    <Dropdown
      additionLabel="Add "
      additionPosition="top"
      closeOnBlur={true}
      deburr={false}
      defaultValue="publish_date:asc"
      icon="dropdown"
      inline={true}
      minCharacters={1}
      noResultsMessage="No results found."
      onChange={[MockFunction]}
      openOnFocus={true}
      options={
        Array [
          Object {
            "text": "Date - Oldest First",
            "value": "publish_date:asc",
          },
          Object {
            "text": "Date - Newest First",
            "value": "publish_date:desc",
          },
          Object {
            "text": "Title",
            "value": "title:asc",
          },
        ]
      }
      renderLabel={[Function]}
      searchInput="text"
      selectOnBlur={true}
      selectOnNavigation={true}
      wrapSelection={true}
    >
      <div
        aria-expanded={false}
        className="ui inline dropdown"
        onBlur={[Function]}
        onChange={[Function]}
        onClick={[Function]}
        onFocus={[Function]}
        onMouseDown={[Function]}
        role="listbox"
        tabIndex={0}
      >
        <div
          aria-live="polite"
          className="text"
          role="alert"
        >
          Date - Oldest First
        </div>
        <Icon
          as="i"
          name="dropdown"
          onClick={[Function]}
        >
          <i
            aria-hidden="true"
            className="dropdown icon"
            onClick={[Function]}
          />
        </Icon>
        <DropdownMenu>
          <div
            className="menu transition"
          >
            <DropdownItem
              active={true}
              key="publish_date:asc"
              onClick={[Function]}
              selected={true}
              style={
                Object {
                  "pointerEvents": "all",
                }
              }
              text="Date - Oldest First"
              value="publish_date:asc"
            >
              <div
                aria-checked={true}
                aria-selected={true}
                className="active selected item"
                onClick={[Function]}
                role="option"
                style={
                  Object {
                    "pointerEvents": "all",
                  }
                }
              >
                <span
                  className="text"
                >
                  Date - Oldest First
                </span>
              </div>
            </DropdownItem>
            <DropdownItem
              active={false}
              key="publish_date:desc"
              onClick={[Function]}
              selected={false}
              style={
                Object {
                  "pointerEvents": "all",
                }
              }
              text="Date - Newest First"
              value="publish_date:desc"
            >
              <div
                aria-checked={false}
                aria-selected={false}
                className="item"
                onClick={[Function]}
                role="option"
                style={
                  Object {
                    "pointerEvents": "all",
                  }
                }
              >
                <span
                  className="text"
                >
                  Date - Newest First
                </span>
              </div>
            </DropdownItem>
            <DropdownItem
              active={false}
              key="title:asc"
              onClick={[Function]}
              selected={false}
              style={
                Object {
                  "pointerEvents": "all",
                }
              }
              text="Title"
              value="title:asc"
            >
              <div
                aria-checked={false}
                aria-selected={false}
                className="item"
                onClick={[Function]}
                role="option"
                style={
                  Object {
                    "pointerEvents": "all",
                  }
                }
              >
                <span
                  className="text"
                >
                  Title
                </span>
              </div>
            </DropdownItem>
          </div>
        </DropdownMenu>
      </div>
    </Dropdown>
  </span>
</SortMenu>
`;

exports[`<SortMenu /> mounts 1`] = `
<SortMenu
  currentSortBy="publish_date:asc"
  onChange={[MockFunction]}
>
  <span>
    Sorting by 
    <Dropdown
      additionLabel="Add "
      additionPosition="top"
      closeOnBlur={true}
      deburr={false}
      defaultValue="publish_date:asc"
      icon="dropdown"
      inline={true}
      minCharacters={1}
      noResultsMessage="No results found."
      onChange={[MockFunction]}
      openOnFocus={true}
      options={
        Array [
          Object {
            "text": "Date - Oldest First",
            "value": "publish_date:asc",
          },
          Object {
            "text": "Date - Newest First",
            "value": "publish_date:desc",
          },
          Object {
            "text": "Title",
            "value": "title:asc",
          },
        ]
      }
      renderLabel={[Function]}
      searchInput="text"
      selectOnBlur={true}
      selectOnNavigation={true}
      wrapSelection={true}
    >
      <div
        aria-expanded={false}
        className="ui inline dropdown"
        onBlur={[Function]}
        onChange={[Function]}
        onClick={[Function]}
        onFocus={[Function]}
        onMouseDown={[Function]}
        role="listbox"
        tabIndex={0}
      >
        <div
          aria-live="polite"
          className="text"
          role="alert"
        >
          Date - Oldest First
        </div>
        <Icon
          as="i"
          name="dropdown"
          onClick={[Function]}
        >
          <i
            aria-hidden="true"
            className="dropdown icon"
            onClick={[Function]}
          />
        </Icon>
        <DropdownMenu>
          <div
            className="menu transition"
          >
            <DropdownItem
              active={true}
              key="publish_date:asc"
              onClick={[Function]}
              selected={true}
              style={
                Object {
                  "pointerEvents": "all",
                }
              }
              text="Date - Oldest First"
              value="publish_date:asc"
            >
              <div
                aria-checked={true}
                aria-selected={true}
                className="active selected item"
                onClick={[Function]}
                role="option"
                style={
                  Object {
                    "pointerEvents": "all",
                  }
                }
              >
                <span
                  className="text"
                >
                  Date - Oldest First
                </span>
              </div>
            </DropdownItem>
            <DropdownItem
              active={false}
              key="publish_date:desc"
              onClick={[Function]}
              selected={false}
              style={
                Object {
                  "pointerEvents": "all",
                }
              }
              text="Date - Newest First"
              value="publish_date:desc"
            >
              <div
                aria-checked={false}
                aria-selected={false}
                className="item"
                onClick={[Function]}
                role="option"
                style={
                  Object {
                    "pointerEvents": "all",
                  }
                }
              >
                <span
                  className="text"
                >
                  Date - Newest First
                </span>
              </div>
            </DropdownItem>
            <DropdownItem
              active={false}
              key="title:asc"
              onClick={[Function]}
              selected={false}
              style={
                Object {
                  "pointerEvents": "all",
                }
              }
              text="Title"
              value="title:asc"
            >
              <div
                aria-checked={false}
                aria-selected={false}
                className="item"
                onClick={[Function]}
                role="option"
                style={
                  Object {
                    "pointerEvents": "all",
                  }
                }
              >
                <span
                  className="text"
                >
                  Title
                </span>
              </div>
            </DropdownItem>
          </div>
        </DropdownMenu>
      </div>
    </Dropdown>
  </span>
</SortMenu>
`;
