// Jest Snapshot v1, https://goo.gl/fbAQLP

exports[`<LoginContainer /> renders and matches the snapshot 1`] = `
<Provider
  store={
    Object {
      "clearActions": [Function],
      "dispatch": [Function],
      "getActions": [Function],
      "getState": [Function],
      "replaceReducer": [Function],
      "subscribe": [Function],
    }
  }
>
  <Connect(LoginComponent)>
    <LoginComponent
      authLoginUser={[Function]}
      authenticationError=""
    >
      <div
        className="login-form"
      >
        <style>
          
                body &gt; div,
                body &gt; div &gt; div,
                body &gt; div &gt; div &gt; div.login-form {
                    height: 100%;
                }
                
        </style>
        <Grid
          style={
            Object {
              "height": "100%",
            }
          }
          textAlign="center"
          verticalAlign="middle"
        >
          <div
            className="ui center aligned middle aligned grid"
            style={
              Object {
                "height": "100%",
              }
            }
          >
            <GridColumn
              style={
                Object {
                  "maxWidth": 450,
                }
              }
            >
              <div
                className="column"
                style={
                  Object {
                    "maxWidth": 450,
                  }
                }
              >
                <Header
                  as="h2"
                  className="rss-login-header"
                >
                  <h2
                    className="ui header rss-login-header"
                  >
                    <Icon
                      as="i"
                      name="rss"
                    >
                      <i
                        aria-hidden="true"
                        className="rss icon"
                      />
                    </Icon>
                      RSSenal
                  </h2>
                </Header>
                <Form
                  as="form"
                  size="large"
                >
                  <form
                    className="ui large form"
                    onSubmit={[Function]}
                  >
                    <Segment>
                      <div
                        className="ui segment"
                      >
                        <FormInput
                          as={[Function]}
                          control={[Function]}
                          fluid={true}
                          icon="user"
                          iconPosition="left"
                          name="username"
                          onChange={[Function]}
                          placeholder="Username"
                        >
                          <FormField
                            control={[Function]}
                            fluid={true}
                            icon="user"
                            iconPosition="left"
                            name="username"
                            onChange={[Function]}
                            placeholder="Username"
                          >
                            <div
                              className="field"
                            >
                              <Input
                                fluid={true}
                                icon="user"
                                iconPosition="left"
                                name="username"
                                onChange={[Function]}
                                placeholder="Username"
                                type="text"
                              >
                                <div
                                  className="ui fluid left icon input"
                                >
                                  <input
                                    name="username"
                                    onChange={[Function]}
                                    placeholder="Username"
                                    type="text"
                                  />
                                  <Icon
                                    as="i"
                                    name="user"
                                  >
                                    <i
                                      aria-hidden="true"
                                      className="user icon"
                                    />
                                  </Icon>
                                </div>
                              </Input>
                            </div>
                          </FormField>
                        </FormInput>
                        <FormInput
                          as={[Function]}
                          control={[Function]}
                          fluid={true}
                          icon="lock"
                          iconPosition="left"
                          name="password"
                          onChange={[Function]}
                          placeholder="Password"
                          type="password"
                        >
                          <FormField
                            control={[Function]}
                            fluid={true}
                            icon="lock"
                            iconPosition="left"
                            name="password"
                            onChange={[Function]}
                            placeholder="Password"
                            type="password"
                          >
                            <div
                              className="field"
                            >
                              <Input
                                fluid={true}
                                icon="lock"
                                iconPosition="left"
                                name="password"
                                onChange={[Function]}
                                placeholder="Password"
                                type="password"
                              >
                                <div
                                  className="ui fluid left icon input"
                                >
                                  <input
                                    name="password"
                                    onChange={[Function]}
                                    placeholder="Password"
                                    type="password"
                                  />
                                  <Icon
                                    as="i"
                                    name="lock"
                                  >
                                    <i
                                      aria-hidden="true"
                                      className="lock icon"
                                    />
                                  </Icon>
                                </div>
                              </Input>
                            </div>
                          </FormField>
                        </FormInput>
                        <Button
                          as="button"
                          className="rss-login-button"
                          fluid={true}
                          onClick={[Function]}
                          role="button"
                          size="large"
                        >
                          <button
                            className="ui large fluid button rss-login-button"
                            onClick={[Function]}
                            role="button"
                          >
                            Login
                          </button>
                        </Button>
                      </div>
                    </Segment>
                  </form>
                </Form>
              </div>
            </GridColumn>
          </div>
        </Grid>
      </div>
    </LoginComponent>
  </Connect(LoginComponent)>
</Provider>
`;
